[33mThe CJS build of Vite's Node API is deprecated. See https://vite.dev/guide/troubleshooting.html#vite-cjs-node-api-deprecated for more details.[39m

[1m[30m[46m RUN [49m[39m[22m [36mv4.1.6 [39m[90md:/coding/writing/AIWT/novel-ai[39m

(node:23748) [MODULE_TYPELESS_PACKAGE_JSON] Warning: Module type of file:///d:/coding/writing/AIWT/novel-ai/postcss.config.js?t=1778586352599 is not specified and it doesn't parse as CommonJS.
Reparsing as ES module because module syntax was detected. This incurs a performance overhead.
To eliminate this warning, add "type": "module" to d:\coding\writing\AIWT\novel-ai\package.json.
(Use `node --trace-warnings ...` to show where the warning was created)
 [31m❯[39m src/stores/__tests__/projectStore.test.ts [2m([22m[2m0 test[22m[2m)[22m

[31m⎯⎯⎯⎯⎯⎯[39m[1m[41m Failed Suites 1 [49m[22m[31m⎯⎯⎯⎯⎯⎯⎯[39m

[41m[1m FAIL [22m[49m src/stores/__tests__/projectStore.test.ts[2m [ src/stores/__tests__/projectStore.test.ts ][22m
[31m[1mTypeError[22m: Cannot read properties of undefined (reading 'config')[39m
[90m [2m❯[22m src/stores/__tests__/projectStore.test.ts:[2m13:1[22m[39m

[31m[2m⎯⎯⎯⎯⎯⎯⎯⎯⎯⎯⎯⎯⎯⎯⎯⎯⎯⎯⎯⎯⎯⎯⎯⎯[1/1]⎯[22m[39m


[2m Test Files [22m [1m[31m1 failed[39m[22m[90m (1)[39m
[2m      Tests [22m [2mno tests[22m
[2m   Start at [22m 19:45:52
[2m   Duration [22m 894ms[2m (transform 46ms, setup 0ms, import 0ms, tests 0ms, environment 602ms)[22m

